This is pdfTeX, Version 3.141592653-2.6-1.40.29 (MiKTeX 26.5) (preloaded format=pdflatex 2026.9.10)  25 SEP 2026 18:45
entering extended mode
 restricted \write18 enabled.
 file:line:error style messages enabled.
 %&-line parsing enabled.
**/home/edoardo/materiale_tesi/Tesi/tesi/Thesis.tex
(/home/edoardo/materiale_tesi/Tesi/tesi/Thesis.tex
LaTeX2e <2026-06-01>
L3 programming layer <2026-08-10>
(Configuration_Files/PoliMi3i_thesis.cls
Document Class: Configuration_Files/PoliMi3i_thesis 2021/6/30 PoliMi3i thesis submission class
(/home/edoardo/.miktex/texmfs/install/tex/latex/base/book.cls
Document Class: book 2025/01/22 v1.4n Standard LaTeX document class
(/home/edoardo/.miktex/texmfs/install/tex/latex/base/bk12.clo
File: bk12.clo 2025/01/22 v1.4n Standard LaTeX file (size option)
)
\c@part=\count276
\c@chapter=\count277
\c@section=\count278
\c@subsection=\count279
\c@subsubsection=\count280
\c@paragraph=\count281
\c@subparagraph=\count282
\c@figure=\count283
\c@table=\count284
\abovecaptionskip=\skip49
\belowcaptionskip=\skip50
\bibindent=\dimen150
) (/home/edoardo/.miktex/texmfs/install/tex/latex/geometry/geometry.sty
Package: geometry 2026/03/07 v6.0 Page Geometry
 (/home/edoardo/.miktex/texmfs/install/tex/latex/graphics/keyval.sty
Package: keyval 2026-05-17 v1.15 key=value parser (DPC)
\KV@toks@=\toks17
) (/home/edoardo/.miktex/texmfs/install/tex/generic/iftex/ifvtex.sty
Package: ifvtex 2019/10/25 v1.7 ifvtex legacy package. Use iftex instead.
 (/home/edoardo/.miktex/texmfs/install/tex/generic/iftex/iftex.sty
Package: iftex 2024/12/12 v1.0g TeX engine tests
))
\Gm@cnth=\count285
\Gm@cntv=\count286
\c@Gm@tempcnt=\count287
\Gm@bindingoffset=\dimen151
\Gm@wd@mp=\dimen152
\Gm@odd@mp=\dimen153
\Gm@even@mp=\dimen154
\Gm@layoutwidth=\dimen155
\Gm@layoutheight=\dimen156
\Gm@layouthoffset=\dimen157
\Gm@layoutvoffset=\dimen158
\Gm@dimlist=\toks18
 (/home/edoardo/.miktex/texmfs/install/tex/latex/geometry/geometry.cfg)) (/home/edoardo/.miktex/texmfs/install/tex/latex/caption/caption.sty
Package: caption 2023/08/05 v3.6o Customizing captions (AR)
 (/home/edoardo/.miktex/texmfs/install/tex/latex/caption/caption3.sty
Package: caption3 2023/07/31 v2.4d caption3 kernel (AR)
\caption@tempdima=\dimen159
\captionmargin=\dimen160
\caption@leftmargin=\dimen161
\caption@rightmargin=\dimen162
\caption@width=\dimen163
\caption@indent=\dimen164
\caption@parindent=\dimen165
\caption@hangindent=\dimen166
Package caption Info: Standard document class detected.
)
\c@caption@flags=\count288
\c@continuedfloat=\count289
) (/home/edoardo/.miktex/texmfs/install/tex/latex/xkeyval/xkeyval.sty
Package: xkeyval 2022/06/16 v2.9 package option processing (HA)
 (/home/edoardo/.miktex/texmfs/install/tex/generic/xkeyval/xkeyval.tex (/home/edoardo/.miktex/texmfs/install/tex/generic/xkeyval/xkvutils.tex
\XKV@toks=\toks19
\XKV@tempa@toks=\toks20
)
\XKV@depth=\count290
File: xkeyval.tex 2014/12/03 v2.7a key=value parser (HA)
))) (/home/edoardo/.miktex/texmfs/install/tex/latex/parskip/parskip.sty
Package: parskip 2021-03-14 v2.0h non-zero parskip adjustments
 (/home/edoardo/.miktex/texmfs/install/tex/latex/kvoptions/kvoptions.sty
Package: kvoptions 2022-06-15 v3.15 Key value format for package options (HO)
 (/home/edoardo/.miktex/texmfs/install/tex/generic/ltxcmds/ltxcmds.sty
Package: ltxcmds 2023-12-04 v1.26 LaTeX kernel commands for general use (HO)
) (/home/edoardo/.miktex/texmfs/install/tex/latex/kvsetkeys/kvsetkeys.sty
Package: kvsetkeys 2022-10-05 v1.19 Key value parser (HO)
)) (/home/edoardo/.miktex/texmfs/install/tex/latex/etoolbox/etoolbox.sty
Package: etoolbox 2025/10/02 v2.5m e-TeX tools for LaTeX (JAW)
\etb@tempcnta=\count291
)) (/home/edoardo/.miktex/texmfs/install/tex/latex/setspace/setspace.sty
Package: setspace 2022/12/04 v6.7b set line spacing
) (/home/edoardo/.miktex/texmfs/install/tex/latex/emptypage/emptypage.sty
Package: emptypage 2010/05/30 v1.2 Suppress page numbers and headings on empty pages
) (/home/edoardo/.miktex/texmfs/install/tex/latex/tools/multicol.sty
Package: multicol 2025/10/21 v2.0b multicolumn formatting (FMi)
\c@tracingmulticols=\count292
\mult@box=\box53
\multicol@leftmargin=\dimen167
\c@unbalance=\count293
\c@collectmore=\count294
\doublecol@number=\count295
\multicoltolerance=\count296
\multicolpretolerance=\count297
\full@width=\dimen168
\page@free=\dimen169
\premulticols=\dimen170
\postmulticols=\dimen171
\multicolsep=\skip51
\multicolbaselineskip=\skip52
\partial@page=\box54
\last@line=\box55
\mc@boxedresult=\box56
\maxbalancingoverflow=\dimen172
\mult@rightbox=\box57
\mult@grightbox=\box58
\mult@firstbox=\box59
\mult@gfirstbox=\box60
\@tempa=\box61
\@tempa=\box62
\@tempa=\box63
\@tempa=\box64
\@tempa=\box65
\@tempa=\box66
\@tempa=\box67
\@tempa=\box68
\@tempa=\box69
\@tempa=\box70
\@tempa=\box71
\@tempa=\box72
\@tempa=\box73
\@tempa=\box74
\@tempa=\box75
\@tempa=\box76
\@tempa=\box77
\@tempa=\box78
\@tempa=\box79
\@tempa=\box80
\@tempa=\box81
\@tempa=\box82
\@tempa=\box83
\@tempa=\box84
\@tempa=\box85
\@tempa=\box86
\@tempa=\box87
\@tempa=\box88
\@tempa=\box89
\@tempa=\box90
\@tempa=\box91
\@tempa=\box92
\@tempa=\box93
\@tempa=\box94
\@tempa=\box95
\@tempa=\box96
\c@minrows=\count298
\c@columnbadness=\count299
\c@finalcolumnbadness=\count300
\last@try=\dimen173
\multicolovershoot=\dimen174
\multicolundershoot=\dimen175
\mult@nat@firstbox=\box97
\colbreak@box=\box98
\mc@col@check@num=\count301
\g__mc_curr_col_int=\count302
) (/home/edoardo/.miktex/texmfs/install/tex/latex/titlesec/titlesec.sty
Package: titlesec 2025/01/04 v2.17 Sectioning titles
\ttl@box=\box99
\beforetitleunit=\skip53
\aftertitleunit=\skip54
\ttl@plus=\dimen176
\ttl@minus=\dimen177
\ttl@toksa=\toks21
\titlewidth=\dimen178
\titlewidthlast=\dimen179
\titlewidthfirst=\dimen180
) (/home/edoardo/.miktex/texmfs/install/tex/latex/graphics/color.sty
Package: color 2026-05-17 v1.3f Standard LaTeX Color (DPC)
 (/home/edoardo/.miktex/texmfs/install/tex/latex/graphics-cfg/color.cfg
File: color.cfg 2016/01/02 v1.6 sample color configuration
)
Package color Info: Driver file: pdftex.def on input line 149.
 (/home/edoardo/.miktex/texmfs/install/tex/latex/graphics-def/pdftex.def
File: pdftex.def 2025/09/29 v1.2d Graphics/color driver for pdftex
) (/home/edoardo/.miktex/texmfs/install/tex/latex/graphics/mathcolor.ltx)) (/home/edoardo/.miktex/texmfs/install/tex/generic/babel/babel.sty
Package: babel 2026/08/21 v26.11 The multilingual framework for LuaLaTeX, pdfLaTeX and XeLaTeX
\babel@savecnt=\count303
LaTeX Encoding Info:    Redeclaring text command \ij (encoding OT1) on input line 2105.
LaTeX Encoding Info:    Redeclaring text command \IJ (encoding OT1) on input line 2107.
LaTeX Encoding Info:    Redeclaring text command \ij (encoding T1) on input line 2109.
LaTeX Encoding Info:    Redeclaring text command \IJ (encoding T1) on input line 2110.
LaTeX Encoding Info:    Ignoring declaration for text command \ij (encoding ?) on input line 2111.
LaTeX Encoding Info:    Ignoring declaration for text command \IJ (encoding ?) on input line 2113.
LaTeX Encoding Info:    Ignoring declaration for text command \SS (encoding ?) on input line 2138.
\U@D=\dimen181
\l@unhyphenated=\language2
 (/home/edoardo/.miktex/texmfs/install/tex/generic/babel/txtbabel.def)
\bbl@readstream=\read2
\bbl@dirlevel=\count304
Package babel Info: Configuration files are deprecated, as
(babel)             they can break document portability.
(babel)             Reported on input line 4332.

*************************************
* Local config file bblopts.cfg used
*
(/home/edoardo/.miktex/texmfs/install/tex/latex/arabi/bblopts.cfg
File: bblopts.cfg 2005/09/08 v0.1 add Arabic and Farsi to "declared" options of babel
) (/home/edoardo/.miktex/texmfs/install/tex/generic/babel/locale/en/babel-english.tex)
Package babel Info: Importing font and identification data for 'english'
(babel)             from babel-en.ini. Reported on input line 4460.
 (/home/edoardo/.miktex/texmfs/install/tex/latex/babel-english/english.ldf
Language: english 2017/06/06 v3.3r English support from the babel system
Package babel Info: Hyphen rules for 'british' set to \l@english
(babel)             (\language0). Reported on input line 82.
Package babel Info: Hyphen rules for 'UKenglish' set to \l@english
(babel)             (\language0). Reported on input line 83.
Package babel Info: Hyphen rules for 'canadian' set to \l@english
(babel)             (\language0). Reported on input line 102.
Package babel Info: Hyphen rules for 'australian' set to \l@english
(babel)             (\language0). Reported on input line 105.
Package babel Info: Hyphen rules for 'newzealand' set to \l@english
(babel)             (\language0). Reported on input line 108.
)) (/home/edoardo/.miktex/texmfs/install/tex/latex/base/inputenc.sty
Package: inputenc 2024/02/08 v1.3d Input encoding file
\inpenc@prehook=\toks22
\inpenc@posthook=\toks23
) (/home/edoardo/.miktex/texmfs/install/tex/latex/base/fontenc.sty
Package: fontenc 2025/07/18 v2.1d Standard LaTeX package
) (/home/edoardo/.miktex/texmfs/install/tex/latex/moresize/moresize.sty
Package: moresize 1999/07/26 v1.9 (more font sizes)
) (/home/edoardo/.miktex/texmfs/install/tex/latex/graphics/graphicx.sty
Package: graphicx 2026-05-17 v1.2e Enhanced LaTeX Graphics (DPC,SPQR)
 (/home/edoardo/.miktex/texmfs/install/tex/latex/graphics/graphics.sty
Package: graphics 2026-05-17 v1.4h Standard LaTeX Graphics (DPC,SPQR)
 (/home/edoardo/.miktex/texmfs/install/tex/latex/graphics/trig.sty
Package: trig 2023/12/02 v1.11 sin cos tan (DPC)
) (/home/edoardo/.miktex/texmfs/install/tex/latex/graphics-cfg/graphics.cfg
File: graphics.cfg 2016/06/04 v1.11 sample graphics configuration
)
Package graphics Info: Driver file: pdftex.def on input line 106.
)
\Gin@req@height=\dimen182
\Gin@req@width=\dimen183
) (/home/edoardo/.miktex/texmfs/install/tex/latex/wrapfig/wrapfig.sty
\wrapoverhang=\dimen184
\WF@size=\dimen185
\c@WF@wrappedlines=\count305
\WF@box=\box100
\WF@everypar=\toks24
Package: wrapfig 2003/01/31  v 3.6
) (/home/edoardo/.miktex/texmfs/install/tex/latex/svg/svg.sty
Package: svg 2020/11/26 v2.02k (include SVG pictures)
 (/home/edoardo/.miktex/texmfs/install/tex/latex/koma-script/scrbase.sty
Package: scrbase 2026/02/02 v3.49.2 KOMA-Script package (KOMA-Script-independent basics and keyval usage)
 (/home/edoardo/.miktex/texmfs/install/tex/latex/koma-script/scrlfile.sty
Package: scrlfile 2026/02/02 v3.49.2 KOMA-Script package (file load hooks)
 (/home/edoardo/.miktex/texmfs/install/tex/latex/koma-script/scrlfile-hook.sty
Package: scrlfile-hook 2026/02/02 v3.49.2 KOMA-Script package (using LaTeX hooks)
 (/home/edoardo/.miktex/texmfs/install/tex/latex/koma-script/scrlogo.sty
Package: scrlogo 2026/02/02 v3.49.2 KOMA-Script package (logo)
)))
Applying: [2021/05/01] Usage of raw or classic option list on input line 254.
Already applied: [0000/00/00] Usage of raw or classic option list on input line 370.
) (/home/edoardo/.miktex/texmfs/install/tex/generic/pdftexcmds/pdftexcmds.sty
Package: pdftexcmds 2020-06-27 v0.33 Utility functions of pdfTeX for LuaTeX (HO)
 (/home/edoardo/.miktex/texmfs/install/tex/generic/infwarerr/infwarerr.sty
Package: infwarerr 2019/12/03 v1.5 Providing info/warning/error messages (HO)
)
Package pdftexcmds Info: \pdf@primitive is available.
Package pdftexcmds Info: \pdf@ifprimitive is available.
Package pdftexcmds Info: \pdfdraftmode found.
) (/home/edoardo/.miktex/texmfs/install/tex/latex/trimspaces/trimspaces.sty
Package: trimspaces 2009/09/17 v1.1 Trim spaces around a token list
) (/home/edoardo/.miktex/texmfs/install/tex/latex/tools/shellesc.sty
Package: shellesc 2023/07/08 v1.0d unified shell escape interface for LaTeX
Package shellesc Info: Restricted shell escape enabled on input line 77.
)
\c@svg@param@lastpage=\count306
\svg@box=\box101
\c@svg@param@currpage=\count307
) (/home/edoardo/.miktex/texmfs/install/tex/latex/xcolor/xcolor.sty
Package: xcolor 2024/09/29 v3.02 LaTeX color extensions (UK)
 (/home/edoardo/.miktex/texmfs/install/tex/latex/graphics-cfg/color.cfg
File: color.cfg 2016/01/02 v1.6 sample color configuration
)
Package xcolor Info: Driver file: pdftex.def on input line 274.
LaTeX Info: Redefining \color on input line 762.
 (/home/edoardo/.miktex/texmfs/install/tex/latex/graphics/mathcolor.ltx)
Package xcolor Info: Model `cmy' substituted by `cmy0' on input line 1349.
Package xcolor Info: Model `hsb' substituted by `rgb' on input line 1353.
Package xcolor Info: Model `RGB' extended on input line 1365.
Package xcolor Info: Model `HTML' substituted by `rgb' on input line 1367.
Package xcolor Info: Model `Hsb' substituted by `hsb' on input line 1368.
Package xcolor Info: Model `tHsb' substituted by `hsb' on input line 1369.
Package xcolor Info: Model `HSB' substituted by `hsb' on input line 1370.
Package xcolor Info: Model `Gray' substituted by `gray' on input line 1371.
Package xcolor Info: Model `wave' substituted by `hsb' on input line 1372.
) (/home/edoardo/.miktex/texmfs/install/tex/latex/transparent/transparent.sty
Package: transparent 2025-06-23 v1.6 Transparency with color stacks
 (/home/edoardo/.miktex/texmfs/install/tex/latex/transparent/transparent-nometadata.sty
Package: transparent-nometadata 2025-06-23 v1.6 Transparency via pdfTeX's color stack (HO)
 (/home/edoardo/.miktex/texmfs/install/tex/latex/auxhook/auxhook.sty
Package: auxhook 2019-12-17 v1.6 Hooks for auxiliary files (HO)
))) (/home/edoardo/.miktex/texmfs/install/tex/latex/pgf/systemlayer/pgfsys.sty (/home/edoardo/.miktex/texmfs/install/tex/latex/pgf/utilities/pgfrcs.sty (/home/edoardo/.miktex/texmfs/install/tex/generic/pgf/utilities/pgfutil-common.tex
\pgfutil@everybye=\toks25
\pgfutil@tempdima=\dimen186
\pgfutil@tempdimb=\dimen187
) (/home/edoardo/.miktex/texmfs/install/tex/generic/pgf/utilities/pgfutil-latex.def
\pgfutil@abb=\box102
) (/home/edoardo/.miktex/texmfs/install/tex/generic/pgf/utilities/pgfrcs.code.tex (/home/edoardo/.miktex/texmfs/install/tex/generic/pgf/pgf.revision.tex)
Package: pgfrcs 2026-08-01 v3.1.12 (3.1.12)
)) (/home/edoardo/.miktex/texmfs/install/tex/generic/pgf/systemlayer/pgfsys.code.tex
Package: pgfsys 2026-08-01 v3.1.12 (3.1.12)
 (/home/edoardo/.miktex/texmfs/install/tex/generic/pgf/utilities/pgfkeys.code.tex
\pgfkeys@pathtoks=\toks26
\pgfkeys@temptoks=\toks27
 (/home/edoardo/.miktex/texmfs/install/tex/generic/pgf/utilities/pgfkeyslibraryfiltered.code.tex
\pgfkeys@tmptoks=\toks28
))
\pgf@x=\dimen188
\pgf@y=\dimen189
\pgf@xa=\dimen190
\pgf@ya=\dimen191
\pgf@xb=\dimen192
\pgf@yb=\dimen193
\pgf@xc=\dimen194
\pgf@yc=\dimen195
\pgf@xd=\dimen196
\pgf@yd=\dimen197
\w@pgf@writea=\write3
\r@pgf@reada=\read3
\c@pgf@counta=\count308
\c@pgf@countb=\count309
\c@pgf@countc=\count310
\c@pgf@countd=\count311
\t@pgf@toka=\toks29
\t@pgf@tokb=\toks30
\t@pgf@tokc=\toks31
\pgf@sys@id@count=\count312
 (/home/edoardo/.miktex/texmfs/install/tex/generic/pgf/systemlayer/pgf.cfg
File: pgf.cfg 2026-08-01 v3.1.12 (3.1.12)
)
Driver file for pgf: pgfsys-pdftex.def
 (/home/edoardo/.miktex/texmfs/install/tex/generic/pgf/systemlayer/pgfsys-pdftex.def
File: pgfsys-pdftex.def 2026-08-01 v3.1.12 (3.1.12)
 (/home/edoardo/.miktex/texmfs/install/tex/generic/pgf/systemlayer/pgfsys-common-pdf.def
File: pgfsys-common-pdf.def 2026-08-01 v3.1.12 (3.1.12)
))) (/home/edoardo/.miktex/texmfs/install/tex/generic/pgf/systemlayer/pgfsyssoftpath.code.tex
File: pgfsyssoftpath.code.tex 2026-08-01 v3.1.12 (3.1.12)
\pgfsyssoftpath@smallbuffer@items=\count313
\pgfsyssoftpath@bigbuffer@items=\count314
) (/home/edoardo/.miktex/texmfs/install/tex/generic/pgf/systemlayer/pgfsysprotocol.code.tex
File: pgfsysprotocol.code.tex 2026-08-01 v3.1.12 (3.1.12)
)) (/home/edoardo/.miktex/texmfs/install/tex/latex/eso-pic/eso-pic.sty
Package: eso-pic 2026/05/31 v3.0e eso-pic (RN)
\ESO@tempdima=\dimen198
\ESO@tempdimb=\dimen199
) (/home/edoardo/.miktex/texmfs/install/tex/latex/adjustbox/adjustbox.sty
Package: adjustbox 2025/02/26 v1.3c Adjusting TeX boxes (trim, clip, ...)
 (/home/edoardo/.miktex/texmfs/install/tex/latex/adjustbox/adjcalc.sty
Package: adjcalc 2012/05/16 v1.1 Provides advanced setlength with multiple back-ends (calc, etex, pgfmath)
) (/home/edoardo/.miktex/texmfs/install/tex/latex/adjustbox/trimclip.sty
Package: trimclip 2025/02/21 v1.2a Trim and clip general TeX material
 (/home/edoardo/.miktex/texmfs/install/tex/latex/collectbox/collectbox.sty
Package: collectbox 2022/10/17 v0.4c Collect macro arguments as boxes
\collectedbox=\box103
)
\tc@llx=\dimen256
\tc@lly=\dimen257
\tc@urx=\dimen258
\tc@ury=\dimen259
Package trimclip Info: Using driver 'tc-pdftex.def'.
 (/home/edoardo/.miktex/texmfs/install/tex/latex/adjustbox/tc-pdftex.def
File: tc-pdftex.def 2025/02/26 v2.3 Clipping driver for pdftex
))
\adjbox@Width=\dimen260
\adjbox@Height=\dimen261
\adjbox@Depth=\dimen262
\adjbox@Totalheight=\dimen263
\adjbox@pwidth=\dimen264
\adjbox@pheight=\dimen265
\adjbox@pdepth=\dimen266
\adjbox@ptotalheight=\dimen267
 (/home/edoardo/.miktex/texmfs/install/tex/latex/ifoddpage/ifoddpage.sty
Package: ifoddpage 2022/10/18 v1.2 Conditionals for odd/even page detection
\c@checkoddpage=\count315
) (/home/edoardo/.miktex/texmfs/install/tex/latex/varwidth/varwidth.sty
Package: varwidth 2009/03/30 ver 0.92;  Variable-width minipages
\@vwid@box=\box104
\sift@deathcycles=\count316
\@vwid@loff=\dimen268
\@vwid@roff=\dimen269
)
==> First Aid for varwidth.sty applied!
) (/home/edoardo/.miktex/texmfs/install/tex/latex/caption/subcaption.sty
Package: subcaption 2023/07/28 v1.6b Sub-captions (AR)
Package caption Info: New subtype `subfigure' on input line 238.
\c@subfigure=\count317
Package caption Info: New subtype `subtable' on input line 238.
\c@subtable=\count318
) (/home/edoardo/.miktex/texmfs/install/tex/latex/amscls/amsthm.sty
Package: amsthm 2020/05/29 v2.20.6
\thm@style=\toks32
\thm@bodyfont=\toks33
\thm@headfont=\toks34
\thm@notefont=\toks35
\thm@headpunct=\toks36
\thm@preskip=\skip55
\thm@postskip=\skip56
\thm@headsep=\skip57
\dth@everypar=\toks37
) (/home/edoardo/.miktex/texmfs/install/tex/latex/thmtools/thmtools.sty
Package: thmtools 2023/05/04 v0.76
\thmt@toks=\toks38
\c@thmt@dummyctr=\count319
 (/home/edoardo/.miktex/texmfs/install/tex/latex/thmtools/thm-patch.sty
Package: thm-patch 2023/05/04 v0.76
 (/home/edoardo/.miktex/texmfs/install/tex/latex/thmtools/parseargs.sty
Package: parseargs 2023/05/04 v0.76
\@parsespec=\toks39
)) (/home/edoardo/.miktex/texmfs/install/tex/latex/thmtools/thm-kv.sty
Package: thm-kv 2023/05/04 v0.76
Package thm-kv Info: Theorem names will be uppercased on input line 42.
Package thm-kv Info: kvsetkeys patch (v1.16 or later) on input line 158.
) (/home/edoardo/.miktex/texmfs/install/tex/latex/thmtools/thm-autoref.sty
Package: thm-autoref 2023/05/04 v0.76
 (/home/edoardo/.miktex/texmfs/install/tex/latex/thmtools/aliasctr.sty
Package: aliasctr 2023/05/04 v0.76
)) (/home/edoardo/.miktex/texmfs/install/tex/latex/thmtools/thm-listof.sty
Package: thm-listof 2023/05/04 v0.76
) (/home/edoardo/.miktex/texmfs/install/tex/latex/thmtools/thm-restate.sty
Package: thm-restate 2023/05/04 v0.76
) (/home/edoardo/.miktex/texmfs/install/tex/latex/thmtools/thm-amsthm.sty
Package: thm-amsthm 2023/05/04 v0.76
\thmt@style@headstyle=\toks40
)) (/home/edoardo/.miktex/texmfs/install/tex/latex/float/float.sty
Package: float 2001/11/08 v1.3d Float enhancements (AL)
\c@float@type=\count320
\float@exts=\toks41
\float@box=\box105
\@float@everytoks=\toks42
\@floatcapt=\box106
) (/home/edoardo/.miktex/texmfs/install/tex/latex/amsmath/amsmath.sty
Package: amsmath 2026/05/19 v2.18d AMS math features
\@mathmargin=\skip58

For additional information on amsmath, use the `?' option.
(/home/edoardo/.miktex/texmfs/install/tex/latex/amsmath/amstext.sty
Package: amstext 2024/11/17 v2.01 AMS text
 (/home/edoardo/.miktex/texmfs/install/tex/latex/amsmath/amsgen.sty
File: amsgen.sty 1999/11/30 v2.0 generic functions
\@emptytoks=\toks43
\ex@=\dimen270
)) (/home/edoardo/.miktex/texmfs/install/tex/latex/amsmath/amsbsy.sty
Package: amsbsy 1999/11/29 v1.2d Bold Symbols
\pmbraise@=\dimen271
) (/home/edoardo/.miktex/texmfs/install/tex/latex/amsmath/amsopn.sty
Package: amsopn 2022/04/08 v2.04 operator names
)
\inf@bad=\count321
LaTeX Info: Redefining \frac on input line 233.
\uproot@=\count322
\leftroot@=\count323
LaTeX Info: Redefining \overline on input line 398.
LaTeX Info: Redefining \colon on input line 409.
\classnum@=\count324
\DOTSCASE@=\count325
LaTeX Info: Redefining \ldots on input line 495.
LaTeX Info: Redefining \dots on input line 498.
LaTeX Info: Redefining \cdots on input line 619.
\Mathstrutbox@=\box107
\strutbox@=\box108
LaTeX Info: Redefining \big on input line 721.
LaTeX Info: Redefining \Big on input line 722.
LaTeX Info: Redefining \bigg on input line 723.
LaTeX Info: Redefining \Bigg on input line 724.
\big@size=\dimen272
LaTeX Font Info:    Redeclaring font encoding OML on input line 742.
LaTeX Font Info:    Redeclaring font encoding OMS on input line 743.
\macc@depth=\count326
LaTeX Info: Redefining \bmod on input line 904.
LaTeX Info: Redefining \pmod on input line 909.
LaTeX Info: Redefining \smash on input line 939.
LaTeX Info: Redefining \relbar on input line 969.
LaTeX Info: Redefining \Relbar on input line 970.
\c@MaxMatrixCols=\count327
\dotsspace@=\muskip17
\c@parentequation=\count328
\dspbrk@lvl=\count329
\tag@help=\toks44
\row@=\count330
\column@=\count331
\maxfields@=\count332
\andhelp@=\toks45
\eqnshift@=\dimen273
\alignsep@=\dimen274
\tagshift@=\dimen275
\tagwidth@=\dimen276
\totwidth@=\dimen277
\lineht@=\dimen278
\@envbody=\toks46
\multlinegap=\skip59
\multlinetaggap=\skip60
\mathdisplay@stack=\toks47
LaTeX Info: Redefining \[ on input line 2965.
LaTeX Info: Redefining \] on input line 2966.
) (/home/edoardo/.miktex/texmfs/install/tex/latex/amsfonts/amssymb.sty
Package: amssymb 2013/01/14 v3.01 AMS font symbols
 (/home/edoardo/.miktex/texmfs/install/tex/latex/amsfonts/amsfonts.sty
Package: amsfonts 2013/01/14 v3.01 Basic AMSFonts support
\symAMSa=\mathgroup4
\symAMSb=\mathgroup5
LaTeX Font Info:    Redeclaring math symbol \hbar on input line 98.
LaTeX Font Info:    Overwriting math alphabet `\mathfrak' in version `bold'
(Font)                  U/euf/m/n --> U/euf/b/n on input line 106.
)) (/home/edoardo/.miktex/texmfs/install/tex/latex/tools/bm.sty
Package: bm 2025/10/21 v1.2g Bold Symbol Support (DPC/FMi)
\symboldoperators=\mathgroup6
\symboldletters=\mathgroup7
\symboldsymbols=\mathgroup8
Package bm Info: No bold for \OMX/cmex/m/n, using \pmb.
Package bm Info: No bold for \U/msa/m/n, using \pmb.
Package bm Info: No bold for \U/msb/m/n, using \pmb.
LaTeX Font Info:    Redeclaring math alphabet \mathbf on input line 149.
) (/home/edoardo/.miktex/texmfs/install/tex/latex/cancel/cancel.sty
Package: cancel 2013/04/12 v2.2 Cancel math terms
) (/home/edoardo/.miktex/texmfs/install/tex/latex/mathtools/empheq.sty
Package: empheq 2024/08/09 v2.17 Emphasizing equations
 (/home/edoardo/.miktex/texmfs/install/tex/latex/mathtools/mhsetup.sty
Package: mhsetup 2021/03/18 v1.4 programming setup (MH)
) (/home/edoardo/.miktex/texmfs/install/tex/latex/mathtools/mathtools.sty
Package: mathtools 2024/10/04 v1.31 mathematical typesetting tools
 (/home/edoardo/.miktex/texmfs/install/tex/latex/tools/calc.sty
Package: calc 2025/03/01 v4.3b Infix arithmetic (KKT,FJ)
\calc@Acount=\count333
\calc@Bcount=\count334
\calc@Adimen=\dimen279
\calc@Bdimen=\dimen280
\calc@Askip=\skip61
\calc@Bskip=\skip62
LaTeX Info: Redefining \setlength on input line 86.
LaTeX Info: Redefining \addtolength on input line 87.
\calc@Ccount=\count335
\calc@Cskip=\skip63
)
\g_MT_multlinerow_int=\count336
\l_MT_multwidth_dim=\dimen281
\origjot=\skip64
\l_MT_shortvdotswithinadjustabove_dim=\dimen282
\l_MT_shortvdotswithinadjustbelow_dim=\dimen283
\l_MT_above_intertext_sep=\dimen284
\l_MT_below_intertext_sep=\dimen285
\l_MT_above_shortintertext_sep=\dimen286
\l_MT_below_shortintertext_sep=\dimen287
\xmathstrut@box=\box109
\xmathstrut@dim=\dimen288
)
\l_EQ_equationtype_int=\count337
\l_EQ_alignmentmode_int=\count338
\l_EQ_totalwidth_dim=\dimen289
\l_EQ_displaywidth_dim=\dimen290
\l_EQ_temp_linewidth_dim=\dimen291
\l_EQ_linewidth_dim=\dimen292
\EmphEqdelimitershortfall=\dimen293
\EmphEqdelimiterfactor=\count339
\g_EQ_toptag_height_dim=\dimen294
\g_EQ_bottomtag_depth_dim=\dimen295
\g_EQ_toprow_height_dim=\dimen296
\g_EQ_bottomrow_depth_dim=\dimen297
\g_EQ_widesttag_dim=\dimen298
\EQ_mathdisplay_box=\box110
\EQ_tag_box=\box111
\g_EQ_temprow_int=\count340
) (/home/edoardo/.miktex/texmfs/install/tex/latex/base/fix-cm.sty
Package: fix-cm 2020/11/24 v1.1t fixes to LaTeX
 (/home/edoardo/.miktex/texmfs/install/tex/latex/base/ts1enc.def
File: ts1enc.def 2001/06/05 v3.0e (jk/car/fm) Standard LaTeX file
LaTeX Font Info:    Redeclaring font encoding TS1 on input line 47.
LaTeX Encoding Info:    Redeclaring text command \capitalcedilla (encoding TS1) on input line 49.
LaTeX Encoding Info:    Redeclaring text command \capitalogonek (encoding TS1) on input line 52.
LaTeX Encoding Info:    Redeclaring text command \capitalgrave (encoding TS1) on input line 55.
LaTeX Encoding Info:    Redeclaring text command \capitalacute (encoding TS1) on input line 56.
LaTeX Encoding Info:    Redeclaring text command \capitalcircumflex (encoding TS1) on input line 57.
LaTeX Encoding Info:    Redeclaring text command \capitaltilde (encoding TS1) on input line 58.
LaTeX Encoding Info:    Redeclaring text command \capitaldieresis (encoding TS1) on input line 59.
LaTeX Encoding Info:    Redeclaring text command \capitalhungarumlaut (encoding TS1) on input line 60.
LaTeX Encoding Info:    Redeclaring text command \capitalring (encoding TS1) on input line 61.
LaTeX Encoding Info:    Redeclaring text command \capitalcaron (encoding TS1) on input line 62.
LaTeX Encoding Info:    Redeclaring text command \capitalbreve (encoding TS1) on input line 63.
LaTeX Encoding Info:    Redeclaring text command \capitalmacron (encoding TS1) on input line 64.
LaTeX Encoding Info:    Redeclaring text command \capitaldotaccent (encoding TS1) on input line 65.
LaTeX Encoding Info:    Redeclaring text command \t (encoding TS1) on input line 66.
LaTeX Encoding Info:    Redeclaring text command \capitaltie (encoding TS1) on input line 67.
LaTeX Encoding Info:    Redeclaring text command \newtie (encoding TS1) on input line 68.
LaTeX Encoding Info:    Redeclaring text command \capitalnewtie (encoding TS1) on input line 69.
LaTeX Encoding Info:    Redeclaring text symbol \textcapitalcompwordmark (encoding TS1) on input line 70.
LaTeX Encoding Info:    Redeclaring text symbol \textascendercompwordmark (encoding TS1) on input line 71.
LaTeX Encoding Info:    Redeclaring text symbol \textquotestraightbase (encoding TS1) on input line 72.
LaTeX Encoding Info:    Redeclaring text symbol \textquotestraightdblbase (encoding TS1) on input line 73.
LaTeX Encoding Info:    Redeclaring text symbol \texttwelveudash (encoding TS1) on input line 74.
LaTeX Encoding Info:    Redeclaring text symbol \textthreequartersemdash (encoding TS1) on input line 75.
LaTeX Encoding Info:    Redeclaring text symbol \textleftarrow (encoding TS1) on input line 76.
LaTeX Encoding Info:    Redeclaring text symbol \textrightarrow (encoding TS1) on input line 77.
LaTeX Encoding Info:    Redeclaring text symbol \textblank (encoding TS1) on input line 78.
LaTeX Encoding Info:    Redeclaring text symbol \textdollar (encoding TS1) on input line 79.
LaTeX Encoding Info:    Redeclaring text symbol \textquotesingle (encoding TS1) on input line 80.
LaTeX Encoding Info:    Redeclaring text command \textasteriskcentered (encoding TS1) on input line 81.
LaTeX Encoding Info:    Redeclaring text symbol \textdblhyphen (encoding TS1) on input line 92.
LaTeX Encoding Info:    Redeclaring text symbol \textfractionsolidus (encoding TS1) on input line 93.
LaTeX Encoding Info:    Redeclaring text symbol \textzerooldstyle (encoding TS1) on input line 94.
LaTeX Encoding Info:    Redeclaring text symbol \textoneoldstyle (encoding TS1) on input line 95.
LaTeX Encoding Info:    Redeclaring text symbol \texttwooldstyle (encoding TS1) on input line 96.
LaTeX Encoding Info:    Redeclaring text symbol \textthreeoldstyle (encoding TS1) on input line 97.
LaTeX Encoding Info:    Redeclaring text symbol \textfouroldstyle (encoding TS1) on input line 98.
LaTeX Encoding Info:    Redeclaring text symbol \textfiveoldstyle (encoding TS1) on input line 99.
LaTeX Encoding Info:    Redeclaring text symbol \textsixoldstyle (encoding TS1) on input line 100.
LaTeX Encoding Info:    Redeclaring text symbol \textsevenoldstyle (encoding TS1) on input line 101.
LaTeX Encoding Info:    Redeclaring text symbol \texteightoldstyle (encoding TS1) on input line 102.
LaTeX Encoding Info:    Redeclaring text symbol \textnineoldstyle (encoding TS1) on input line 103.
LaTeX Encoding Info:    Redeclaring text symbol \textlangle (encoding TS1) on input line 104.
LaTeX Encoding Info:    Redeclaring text symbol \textminus (encoding TS1) on input line 105.
LaTeX Encoding Info:    Redeclaring text symbol \textrangle (encoding TS1) on input line 106.
LaTeX Encoding Info:    Redeclaring text symbol \textmho (encoding TS1) on input line 107.
LaTeX Encoding Info:    Redeclaring text symbol \textbigcircle (encoding TS1) on input line 108.
LaTeX Encoding Info:    Redeclaring text command \textcircled (encoding TS1) on input line 109.
LaTeX Encoding Info:    Redeclaring text symbol \textohm (encoding TS1) on input line 115.
LaTeX Encoding Info:    Redeclaring text symbol \textlbrackdbl (encoding TS1) on input line 116.
LaTeX Encoding Info:    Redeclaring text symbol \textrbrackdbl (encoding TS1) on input line 117.
LaTeX Encoding Info:    Redeclaring text symbol \textuparrow (encoding TS1) on input line 118.
LaTeX Encoding Info:    Redeclaring text symbol \textdownarrow (encoding TS1) on input line 119.
LaTeX Encoding Info:    Redeclaring text symbol \textasciigrave (encoding TS1) on input line 120.
LaTeX Encoding Info:    Redeclaring text symbol \textborn (encoding TS1) on input line 121.
LaTeX Encoding Info:    Redeclaring text symbol \textdivorced (encoding TS1) on input line 122.
LaTeX Encoding Info:    Redeclaring text symbol \textdied (encoding TS1) on input line 123.
LaTeX Encoding Info:    Redeclaring text symbol \textleaf (encoding TS1) on input line 124.
LaTeX Encoding Info:    Redeclaring text symbol \textmarried (encoding TS1) on input line 125.
LaTeX Encoding Info:    Redeclaring text symbol \textmusicalnote (encoding TS1) on input line 126.
LaTeX Encoding Info:    Redeclaring text symbol \texttildelow (encoding TS1) on input line 127.
LaTeX Encoding Info:    Redeclaring text symbol \textdblhyphenchar (encoding TS1) on input line 128.
LaTeX Encoding Info:    Redeclaring text symbol \textasciibreve (encoding TS1) on input line 129.
LaTeX Encoding Info:    Redeclaring text symbol \textasciicaron (encoding TS1) on input line 130.
LaTeX Encoding Info:    Redeclaring text symbol \textacutedbl (encoding TS1) on input line 131.
LaTeX Encoding Info:    Redeclaring text symbol \textgravedbl (encoding TS1) on input line 132.
LaTeX Encoding Info:    Redeclaring text symbol \textdagger (encoding TS1) on input line 133.
LaTeX Encoding Info:    Redeclaring text symbol \textdaggerdbl (encoding TS1) on input line 134.
LaTeX Encoding Info:    Redeclaring text symbol \textbardbl (encoding TS1) on input line 135.
LaTeX Encoding Info:    Redeclaring text symbol \textperthousand (encoding TS1) on input line 136.
LaTeX Encoding Info:    Redeclaring text symbol \textbullet (encoding TS1) on input line 137.
LaTeX Encoding Info:    Redeclaring text symbol \textcelsius (encoding TS1) on input line 138.
LaTeX Encoding Info:    Redeclaring text symbol \textdollaroldstyle (encoding TS1) on input line 139.
LaTeX Encoding Info:    Redeclaring text symbol \textcentoldstyle (encoding TS1) on input line 140.
LaTeX Encoding Info:    Redeclaring text symbol \textflorin (encoding TS1) on input line 141.
LaTeX Encoding Info:    Redeclaring text symbol \textcolonmonetary (encoding TS1) on input line 142.
LaTeX Encoding Info:    Redeclaring text symbol \textwon (encoding TS1) on input line 143.
LaTeX Encoding Info:    Redeclaring text symbol \textnaira (encoding TS1) on input line 144.
LaTeX Encoding Info:    Redeclaring text symbol \textguarani (encoding TS1) on input line 145.
LaTeX Encoding Info:    Redeclaring text symbol \textpeso (encoding TS1) on input line 146.
LaTeX Encoding Info:    Redeclaring text symbol \textlira (encoding TS1) on input line 147.
LaTeX Encoding Info:    Redeclaring text symbol \textrecipe (encoding TS1) on input line 148.
LaTeX Encoding Info:    Redeclaring text symbol \textinterrobang (encoding TS1) on input line 149.
LaTeX Encoding Info:    Redeclaring text symbol \textinterrobangdown (encoding TS1) on input line 150.
LaTeX Encoding Info:    Redeclaring text symbol \textdong (encoding TS1) on input line 151.
LaTeX Encoding Info:    Redeclaring text symbol \texttrademark (encoding TS1) on input line 152.
LaTeX Encoding Info:    Redeclaring text symbol \textpertenthousand (encoding TS1) on input line 153.
LaTeX Encoding Info:    Redeclaring text symbol \textpilcrow (encoding TS1) on input line 154.
LaTeX Encoding Info:    Redeclaring text symbol \textbaht (encoding TS1) on input line 155.
LaTeX Encoding Info:    Redeclaring text symbol \textnumero (encoding TS1) on input line 156.
LaTeX Encoding Info:    Redeclaring text symbol \textdiscount (encoding TS1) on input line 157.
LaTeX Encoding Info:    Redeclaring text symbol \textestimated (encoding TS1) on input line 158.
LaTeX Encoding Info:    Redeclaring text symbol \textopenbullet (encoding TS1) on input line 159.
LaTeX Encoding Info:    Redeclaring text symbol \textservicemark (encoding TS1) on input line 160.
LaTeX Encoding Info:    Redeclaring text symbol \textlquill (encoding TS1) on input line 161.
LaTeX Encoding Info:    Redeclaring text symbol \textrquill (encoding TS1) on input line 162.
LaTeX Encoding Info:    Redeclaring text symbol \textcent (encoding TS1) on input line 163.
LaTeX Encoding Info:    Redeclaring text symbol \textsterling (encoding TS1) on input line 164.
LaTeX Encoding Info:    Redeclaring text symbol \textcurrency (encoding TS1) on input line 165.
LaTeX Encoding Info:    Redeclaring text symbol \textyen (encoding TS1) on input line 166.
LaTeX Encoding Info:    Redeclaring text symbol \textbrokenbar (encoding TS1) on input line 167.
LaTeX Encoding Info:    Redeclaring text symbol \textsection (encoding TS1) on input line 168.
LaTeX Encoding Info:    Redeclaring text symbol \textasciidieresis (encoding TS1) on input line 169.
LaTeX Encoding Info:    Redeclaring text symbol \textcopyright (encoding TS1) on input line 170.
LaTeX Encoding Info:    Redeclaring text symbol \textordfeminine (encoding TS1) on input line 171.
LaTeX Encoding Info:    Redeclaring text symbol \textcopyleft (encoding TS1) on input line 172.
LaTeX Encoding Info:    Redeclaring text symbol \textlnot (encoding TS1) on input line 173.
LaTeX Encoding Info:    Redeclaring text symbol \textcircledP (encoding TS1) on input line 174.
LaTeX Encoding Info:    Redeclaring text symbol \textregistered (encoding TS1) on input line 175.
LaTeX Encoding Info:    Redeclaring text symbol \textasciimacron (encoding TS1) on input line 176.
LaTeX Encoding Info:    Redeclaring text symbol \textdegree (encoding TS1) on input line 177.
LaTeX Encoding Info:    Redeclaring text symbol \textpm (encoding TS1) on input line 178.
LaTeX Encoding Info:    Redeclaring text symbol \texttwosuperior (encoding TS1) on input line 179.
LaTeX Encoding Info:    Redeclaring text symbol \textthreesuperior (encoding TS1) on input line 180.
LaTeX Encoding Info:    Redeclaring text symbol \textasciiacute (encoding TS1) on input line 181.
LaTeX Encoding Info:    Redeclaring text symbol \textmu (encoding TS1) on input line 182.
LaTeX Encoding Info:    Redeclaring text symbol \textparagraph (encoding TS1) on input line 183.
LaTeX Encoding Info:    Redeclaring text symbol \textperiodcentered (encoding TS1) on input line 184.
LaTeX Encoding Info:    Redeclaring text symbol \textreferencemark (encoding TS1) on input line 185.
LaTeX Encoding Info:    Redeclaring text symbol \textonesuperior (encoding TS1) on input line 186.
LaTeX Encoding Info:    Redeclaring text symbol \textordmasculine (encoding TS1) on input line 187.
LaTeX Encoding Info:    Redeclaring text symbol \textsurd (encoding TS1) on input line 188.
LaTeX Encoding Info:    Redeclaring text symbol \textonequarter (encoding TS1) on input line 189.
LaTeX Encoding Info:    Redeclaring text symbol \textonehalf (encoding TS1) on input line 190.
LaTeX Encoding Info:    Redeclaring text symbol \textthreequarters (encoding TS1) on input line 191.
LaTeX Encoding Info:    Redeclaring text symbol \texteuro (encoding TS1) on input line 192.
LaTeX Encoding Info:    Redeclaring text symbol \texttimes (encoding TS1) on input line 193.
LaTeX Encoding Info:    Redeclaring text symbol \textdiv (encoding TS1) on input line 194.
)) (/home/edoardo/.miktex/texmfs/install/tex/latex/tools/tabularx.sty
Package: tabularx 2023/12/11 v2.12a `tabularx' package (DPC)
 (/home/edoardo/.miktex/texmfs/install/tex/latex/tools/array.sty
Package: array 2026/02/24 v2.7b Tabular extension package (FMi)
\col@sep=\dimen299
\ar@mcellbox=\box112
\extrarowheight=\dimen300
\NC@list=\toks48
\extratabsurround=\skip65
\backup@length=\skip66
\ar@cellbox=\box113
)
\TX@col@width=\dimen301
\TX@old@table=\dimen302
\TX@old@col=\dimen303
\TX@target=\dimen304
\TX@delta=\dimen305
\TX@cols=\count341
\TX@ftn=\toks49
) (/home/edoardo/.miktex/texmfs/install/tex/latex/tools/longtable.sty
Package: longtable 2026-01-28 v4.27 Multi-page Table package (DPC)
\LTleft=\skip67
\LTright=\skip68
\LTpre=\skip69
\LTpost=\skip70
\LTchunksize=\count342
\LTcapwidth=\dimen306
\LT@head=\box114
\LT@firsthead=\box115
\LT@foot=\box116
\LT@lastfoot=\box117
\LT@gbox=\box118
\LT@cols=\count343
\LT@rows=\count344
\c@LT@tables=\count345
\c@LT@chunks=\count346
\LT@p@ftn=\toks50
) (/home/edoardo/.miktex/texmfs/install/tex/latex/colortbl/colortbl.sty
Package: colortbl 2026/05/01 v1.0l Color table columns (DPC)

new hooks used!!
\minrowclearance=\skip71
\rownum=\count347
) (/home/edoardo/.miktex/texmfs/install/tex/latex/algorithms/algorithm.sty
Package: algorithm 2009/08/24 v0.1 Document Style `algorithm' - floating environment
 (/home/edoardo/.miktex/texmfs/install/tex/latex/base/ifthen.sty
Package: ifthen 2024/03/16 v1.1e Standard LaTeX ifthen package (DPC)
)
\@float@every@algorithm=\toks51
\c@algorithm=\count348
) (/home/edoardo/.miktex/texmfs/install/tex/latex/algorithms/algorithmic.sty
Package: algorithmic 2009/08/24 v0.1 Document Style `algorithmic'
\c@ALC@unique=\count349
\c@ALC@line=\count350
\c@ALC@rem=\count351
\c@ALC@depth=\count352
\ALC@tlm=\skip72
\algorithmicindent=\skip73
) (/home/edoardo/.miktex/texmfs/install/tex/latex/hyperref/hyperref.sty
Package: hyperref 2026-06-17 v7.01r Hypertext links for LaTeX
 (/home/edoardo/.miktex/texmfs/install/tex/generic/kvdefinekeys/kvdefinekeys.sty
Package: kvdefinekeys 2019-12-19 v1.6 Define keys (HO)
) (/home/edoardo/.miktex/texmfs/install/tex/generic/pdfescape/pdfescape.sty
Package: pdfescape 2019/12/09 v1.15 Implements pdfTeX's escape features (HO)
) (/home/edoardo/.miktex/texmfs/install/tex/latex/hycolor/hycolor.sty
Package: hycolor 2020-01-27 v1.10 Color options for hyperref/bookmark (HO)
) (/home/edoardo/.miktex/texmfs/install/tex/latex/hyperref/nameref.sty
Package: nameref 2026-01-29 v2.58 Cross-referencing by name of section
 (/home/edoardo/.miktex/texmfs/install/tex/latex/refcount/refcount.sty
Package: refcount 2019/12/15 v3.6 Data extraction from label references (HO)
) (/home/edoardo/.miktex/texmfs/install/tex/generic/gettitlestring/gettitlestring.sty
Package: gettitlestring 2019/12/15 v1.6 Cleanup title references (HO)
)
\c@section@level=\count353
) (/home/edoardo/.miktex/texmfs/install/tex/generic/stringenc/stringenc.sty
Package: stringenc 2019/11/29 v1.12 Convert strings between diff. encodings (HO)
)
\@linkdim=\dimen307
\Hy@linkcounter=\count354
\Hy@pagecounter=\count355
 (/home/edoardo/.miktex/texmfs/install/tex/latex/hyperref/pd1enc.def
File: pd1enc.def 2026-06-17 v7.01r Hyperref: PDFDocEncoding definition (HO)
Now handling font encoding PD1 ...
... no UTF-8 mapping file for font encoding PD1
) (/home/edoardo/.miktex/texmfs/install/tex/generic/intcalc/intcalc.sty
Package: intcalc 2019/12/15 v1.3 Expandable calculations with integers (HO)
)
\Hy@SavedSpaceFactor=\count356
 (/home/edoardo/.miktex/texmfs/install/tex/latex/hyperref/puenc.def
File: puenc.def 2026-06-17 v7.01r Hyperref: PDF Unicode definition (HO)
Now handling font encoding PU ...
... no UTF-8 mapping file for font encoding PU
)
Package hyperref Info: Option `colorlinks' set `true' on input line 4070.
Package hyperref Info: Hyper figures OFF on input line 4199.
Package hyperref Info: Link nesting OFF on input line 4204.
Package hyperref Info: Hyper index ON on input line 4207.
Package hyperref Info: Plain pages OFF on input line 4214.
Package hyperref Info: Backreferencing OFF on input line 4219.
Package hyperref Info: Implicit mode ON; LaTeX internals redefined.
Package hyperref Info: Bookmarks ON on input line 4466.
\c@Hy@tempcnt=\count357
 (/home/edoardo/.miktex/texmfs/install/tex/latex/url/url.sty
\Urlmuskip=\muskip18
Package: url 2013/09/16  ver 3.4  Verb mode for urls, etc.
)
LaTeX Info: Redefining \url on input line 4805.
\XeTeXLinkMargin=\dimen308
 (/home/edoardo/.miktex/texmfs/install/tex/generic/bitset/bitset.sty
Package: bitset 2019/12/09 v1.3 Handle bit-vector datatype (HO)
 (/home/edoardo/.miktex/texmfs/install/tex/generic/bigintcalc/bigintcalc.sty
Package: bigintcalc 2019/12/15 v1.5 Expandable calculations on big integers (HO)
))
\Fld@menulength=\count358
\Field@Width=\dimen309
\Fld@charsize=\dimen310
Package hyperref Info: Hyper figures OFF on input line 6091.
Package hyperref Info: Link nesting OFF on input line 6096.
Package hyperref Info: Hyper index ON on input line 6099.
Package hyperref Info: backreferencing OFF on input line 6106.
Package hyperref Info: Link coloring ON on input line 6109.
Package hyperref Info: Link coloring with OCG OFF on input line 6116.
Package hyperref Info: PDF/A mode OFF on input line 6121.
\Hy@abspage=\count359
\c@Item=\count360
\c@Hfootnote=\count361
)
Package hyperref Info: Driver (autodetected): hpdftex.
 (/home/edoardo/.miktex/texmfs/install/tex/latex/hyperref/hpdftex.def
File: hpdftex.def 2026-06-17 v7.01r Hyperref driver for pdfTeX
\Fld@listcount=\count362
\c@bookmark@seq@number=\count363
 (/home/edoardo/.miktex/texmfs/install/tex/latex/rerunfilecheck/rerunfilecheck.sty
Package: rerunfilecheck 2025-06-21 v1.11 Rerun checks for auxiliary files (HO)
 (/home/edoardo/.miktex/texmfs/install/tex/generic/uniquecounter/uniquecounter.sty
Package: uniquecounter 2019/12/15 v1.4 Provide unlimited unique counter (HO)
)
Package uniquecounter Info: New unique counter `rerunfilecheck' on input line 284.
)
\Hy@SectionHShift=\skip74
) (/home/edoardo/.miktex/texmfs/install/tex/latex/cleveref/cleveref.sty
Package: cleveref 2018/03/27 v0.21.4 Intelligent cross-referencing
Package cleveref Info: `hyperref' support loaded on input line 2370.
LaTeX Info: Redefining \cref on input line 2370.
LaTeX Info: Redefining \Cref on input line 2370.
LaTeX Info: Redefining \crefrange on input line 2370.
LaTeX Info: Redefining \Crefrange on input line 2370.
LaTeX Info: Redefining \cpageref on input line 2370.
LaTeX Info: Redefining \Cpageref on input line 2370.
LaTeX Info: Redefining \cpagerefrange on input line 2370.
LaTeX Info: Redefining \Cpagerefrange on input line 2370.
LaTeX Info: Redefining \labelcref on input line 2370.
LaTeX Info: Redefining \labelcpageref on input line 2370.
Package cleveref Info: `amsthm' support loaded on input line 3026.
)
==> First Aid for cleveref.sty applied!
(/home/edoardo/.miktex/texmfs/install/tex/latex/natbib/natbib.sty
Package: natbib 2010/09/13 8.31b (PWD, AO)
\bibhang=\skip75
\bibsep=\skip76
LaTeX Info: Redefining \cite on input line 694.
\c@NAT@ctr=\count364
) (/home/edoardo/.miktex/texmfs/install/tex/latex/pdfpages/pdfpages.sty
Package: pdfpages 2026/03/30 v0.6h Insert pages of external PDF documents (AM)
\AM@pagewidth=\dimen311
\AM@pageheight=\dimen312
\AM@fboxrule=\dimen313
 (/home/edoardo/.miktex/texmfs/install/tex/latex/pdfpages/pppdftex.def
File: pppdftex.def 2026/03/30 v0.6h Pdfpages driver for pdfTeX (AM)
)
\pdfpages@includegraphics@status=\count365
\AM@pagebox=\box119
\AM@global@opts=\toks52
\AM@pagecnt=\count366
\AM@toc@title=\toks53
\AM@lof@heading=\toks54
\c@AM@survey=\count367
\AM@templatesizebox=\box120
) (/home/edoardo/.miktex/texmfs/install/tex/latex/tools/afterpage.sty
Package: afterpage 2023/07/04 v1.08 After-Page Package (DPC)
\AP@output=\toks55
\AP@partial=\box121
\AP@footins=\box122
) (/home/edoardo/.miktex/texmfs/install/tex/latex/lipsum/lipsum.sty (/home/edoardo/.miktex/texmfs/install/tex/latex/l3packages/l3keys2e/l3keys2e.sty (/home/edoardo/.miktex/texmfs/install/tex/latex/l3kernel/expl3.sty
Package: expl3 2026-08-10 L3 programming layer (loader) 
 (/home/edoardo/.miktex/texmfs/install/tex/latex/l3kernel/l3backend-pdftex.def
File: l3backend-pdftex.def 2026-08-10 L3 backend support: PDF output (pdfTeX)
\l__color_backend_stack_int=\count368
))
Package: l3keys2e 2025-10-09 LaTeX2e option processing using LaTeX3 keys
)
Package: lipsum 2021-09-20 v2.7 150 paragraphs of Lorem Ipsum dummy text
\g__lipsum_par_int=\count369
\l__lipsum_a_int=\count370
\l__lipsum_b_int=\count371
 (/home/edoardo/.miktex/texmfs/install/tex/latex/lipsum/lipsum.ltd.tex)) (/home/edoardo/.miktex/texmfs/install/tex/latex/fancyhdr/fancyhdr.sty
Package: fancyhdr 2025/02/07 v5.2 Extensive control of page headers and footers
\f@nch@headwidth=\skip77
\f@nch@offset@elh=\skip78
\f@nch@offset@erh=\skip79
\f@nch@offset@olh=\skip80
\f@nch@offset@orh=\skip81
\f@nch@offset@elf=\skip82
\f@nch@offset@erf=\skip83
\f@nch@offset@olf=\skip84
\f@nch@offset@orf=\skip85
\f@nch@height=\skip86
\f@nch@footalignment=\skip87
\f@nch@widthL=\skip88
\f@nch@widthC=\skip89
\f@nch@widthR=\skip90
\@temptokenb=\toks56
) (/home/edoardo/.miktex/texmfs/install/tex/latex/fancyvrb/fancyvrb.sty
Package: fancyvrb 2026/08/13 4.7 verbatim text (tvz,hv)
\FV@CodeLineNo=\count372
\FV@InFile=\read4
\FV@TabBox=\box123
\c@FancyVerbLine=\count373
\FV@StepNumber=\count374
\FV@OutFile=\write4
) (/home/edoardo/.miktex/texmfs/install/tex/latex/glossaries/base/glossaries.sty
Package: glossaries 2026/04/21 v5.1 (NLCT)
 (/home/edoardo/.miktex/texmfs/install/tex/latex/mfirstuc/mfirstuc.sty
Package: mfirstuc 2025/04/03 v2.09 (NLCT)
\@glsmfirst=\toks57
\@glsmrest=\toks58
) (/home/edoardo/.miktex/texmfs/install/tex/latex/xfor/xfor.sty
Package: xfor 2009/02/05 v1.05 (NLCT)
) (/home/edoardo/.miktex/texmfs/install/tex/latex/tracklang/tracklang.sty
Package: tracklang 2026/05/24 v1.6.8 (NLCT) Track Languages
 (/home/edoardo/.miktex/texmfs/install/tex/generic/tracklang/tracklang.tex)
Package tracklang Info: Tracking dialect `english' (language `english') on input line 264.
Package tracklang Info: Tracking dialect `english' (language `english') on input line 264.
) (/home/edoardo/.miktex/texmfs/install/tex/latex/translator/translator.sty
Package: translator 2021-05-31 v1.12d Easy translation of strings in LaTeX
) (/home/edoardo/.miktex/texmfs/install/tex/latex/glossaries-english/glossaries-english.ldf
File: glossaries-english.ldf 2014/11/23 v1.0
) (/home/edoardo/.miktex/texmfs/install/tex/latex/datatool/datatool-base.sty
Package: datatool-base 2026/07/31 v3.4.4 (NLCT)
\l__datatool_tmpa_int=\count375
\l__datatool_tmpb_int=\count376
\l__datatool_tmpc_int=\count377
\l__datatool_tmpd_int=\count378
\l__datatool_count_int=\count379
\l__datatool_tmp_datatype_int=\count380
\l__datatool_tmpa_dim=\dimen314
\l__datatool_tmpb_dim=\dimen315
 (/home/edoardo/.miktex/texmfs/install/tex/latex/datatool/datatool-l3fp.def
File: datatool-l3fp.def 2026/07/31 v3.4.4 (NLCT)
)
\@dtl@toks=\toks59
\@dtl@tmpcount=\count381
\dtl@tmplength=\skip91
\l__datatool_measure_box=\box124
\dtl@sortresult=\count382
 (/home/edoardo/.miktex/texmfs/install/tex/latex/datatool/datatool-utf8.ldf
File: datatool-utf8.ldf 2026/07/31 v3.4.4 (NLCT)
)
\@dtl@datatype=\count383
\c_datatool_unknown_int=\count384
\l__datatool_year_int=\count385
\l__datatool_month_int=\count386
\l__datatool_day_int=\count387
\l__datatool_hour_int=\count388
\l__datatool_minute_int=\count389
\l__datatool_second_int=\count390
\l__datatool_tzhour_int=\count391
\l__datatool_tzminute_int=\count392
\l__datatool_julian_int=\count393
\l__datatool_local_julian_int=\count394
\l__datatool_prefix_int=\count395
\l__datatool_suffix_int=\count396
\@dtl@foreach@level=\count397


Package tracklang Warning: No `datatool' support for dialect `english'  on input line 9924.

\dtl@codeA=\count398
\dtl@codeB=\count399
)
\gls@level=\count400
\@gls@tmpb=\toks60
\gls@tmplen=\skip92
\l__glossaries_tmpa_dim=\dimen316
\l__glossaries_tmpb_dim=\dimen317
\glskeylisttok=\toks61
\glslabeltok=\toks62
\glsshorttok=\toks63
\glslongtok=\toks64
 (/home/edoardo/.miktex/texmfs/install/tex/latex/glossaries/styles/glossary-hypernav.sty
Package: glossary-hypernav 2026/04/21 v5.1 (NLCT)
) (/home/edoardo/.miktex/texmfs/install/tex/latex/glossaries/styles/glossary-list.sty
Package: glossary-list 2026/04/21 v5.1 (NLCT)
\glslistdottedwidth=\skip93
) (/home/edoardo/.miktex/texmfs/install/tex/latex/glossaries/styles/glossary-long.sty
Package: glossary-long 2026/04/21 v5.1 (NLCT)
\glsdescwidth=\skip94
\glspagelistwidth=\skip95
) (/home/edoardo/.miktex/texmfs/install/tex/latex/glossaries/styles/glossary-super.sty
Package: glossary-super 2026/04/21 v5.1 (NLCT)
 (/home/edoardo/.miktex/texmfs/install/tex/latex/supertabular/supertabular.sty
Package: supertabular 2025/06/26 v4.2d the supertabular environment
\c@tracingst=\count401
\ST@wd=\dimen318
\ST@rightskip=\skip96
\ST@leftskip=\skip97
\ST@parfillskip=\skip98
\ST@pageleft=\dimen319
\ST@headht=\dimen320
\ST@tailht=\dimen321
\ST@pagesofar=\dimen322
\ST@pboxht=\dimen323
\ST@rowht=\dimen324
\ST@prevht=\dimen325
\ST@toadd=\dimen326
\ST@dimen=\dimen327
\ST@pbox=\box125
)) (/home/edoardo/.miktex/texmfs/install/tex/latex/glossaries/styles/glossary-tree.sty
Package: glossary-tree 2026/04/21 v5.1 (NLCT)
\l__glossaries_tree_max_known_level_int=\count402
\l__glossaries_tree_offset_dim=\dimen328
\l__glossaries_tree_namewidth_dim=\dimen329
\l__glossaries_tree_symbolwidth_dim=\dimen330
\l__glossaries_tree_prenamesym_width_dim=\dimen331
\l__glossaries_tree_presubnamesym_width_dim=\dimen332
\l__glossaries_tree_namewidth_padding_dim=\dimen333
\l__glossaries_tree_symbolwidth_padding_dim=\dimen334
\l__glossaries_tree_namesymbolwidth_dim=\dimen335
\l__glossaries_tree_namesymbolwidth_padding_dim=\dimen336
\l__glossaries_tree_level_int=\count403
\glstreeindent=\skip99
)) (/home/edoardo/.miktex/texmfs/install/tex/latex/enumitem/enumitem.sty
Package: enumitem 2025/02/06 v3.11 Customized lists
\labelindent=\skip100
\enit@outerparindent=\dimen337
\enit@toks=\toks65
\enit@inbox=\box126
\enit@count@id=\count404
\enitdp@description=\count405
) (Configuration_Files/config.tex
\c@theorem=\count406
\c@proposition=\count407
\c@definition=\count408
\c@algsubstate=\count409
) (/home/edoardo/.miktex/texmfs/install/tex/latex/listings/listings.sty
\lst@mode=\count410
\lst@gtempboxa=\box127
\lst@token=\toks66
\lst@length=\count411
\lst@currlwidth=\dimen338
\lst@column=\count412
\lst@pos=\count413
\lst@lostspace=\dimen339
\lst@width=\dimen340
\lst@newlines=\count414
\lst@lineno=\count415
\lst@maxwidth=\dimen341
 (/home/edoardo/.miktex/texmfs/install/tex/latex/listings/lstpatch.sty
File: lstpatch.sty 2025/11/14 1.11b (Carsten Heinz)
) (/home/edoardo/.miktex/texmfs/install/tex/latex/listings/lstmisc.sty
File: lstmisc.sty 2025/11/14 1.11b (Carsten Heinz)
\c@lstnumber=\count416
\lst@skipnumbers=\count417
\lst@framebox=\box128
) (/home/edoardo/.miktex/texmfs/install/tex/latex/listings/listings.cfg
File: listings.cfg 2025/11/14 1.11b listings configuration
))
Package: listings 2025/11/14 1.11b (Carsten Heinz)
 (/home/edoardo/.miktex/texmfs/install/tex/latex/listings/lstlang1.sty
File: lstlang1.sty 2025/11/14 1.11b listings language file
) (/home/edoardo/.miktex/texmfs/install/tex/latex/listings/lstlang2.sty
File: lstlang2.sty 2025/11/14 1.11b listings language file
) (/home/edoardo/.miktex/texmfs/install/tex/latex/listings/lstlang3.sty
File: lstlang3.sty 2025/11/14 1.11b listings language file
) (Thesis_Acronyms.tex
\glswrite=\write5
\glo@main@file=\write6
\openout6 = `Thesis.glo'.

Package glossaries Info: Writing glossary file Thesis.glo on input line 1.
\glo@acronym@file=\write7
\openout7 = `Thesis.acn'.

Package glossaries Info: Writing glossary file Thesis.acn on input line 1.
) (/home/edoardo/materiale_tesi/Tesi/tesi/build/Thesis.aux)
\openout1 = `Thesis.aux'.

LaTeX Font Info:    Checking defaults for OML/cmm/m/it on input line 133.
LaTeX Font Info:    ... okay on input line 133.
LaTeX Font Info:    Checking defaults for OMS/cmsy/m/n on input line 133.
LaTeX Font Info:    ... okay on input line 133.
LaTeX Font Info:    Checking defaults for OT1/cmr/m/n on input line 133.
LaTeX Font Info:    ... okay on input line 133.
LaTeX Font Info:    Checking defaults for T1/cmr/m/n on input line 133.
LaTeX Font Info:    ... okay on input line 133.
LaTeX Font Info:    Checking defaults for TS1/cmr/m/n on input line 133.
LaTeX Font Info:    ... okay on input line 133.
LaTeX Font Info:    Checking defaults for OMX/cmex/m/n on input line 133.
LaTeX Font Info:    ... okay on input line 133.
LaTeX Font Info:    Checking defaults for U/cmr/m/n on input line 133.
LaTeX Font Info:    ... okay on input line 133.
LaTeX Font Info:    Checking defaults for PD1/pdf/m/n on input line 133.
LaTeX Font Info:    ... okay on input line 133.
LaTeX Font Info:    Checking defaults for PU/pdf/m/n on input line 133.
LaTeX Font Info:    ... okay on input line 133.

*geometry* driver: auto-detecting
*geometry* detected driver: pdftex
*geometry* verbose mode - [ preamble ] result:
* driver: pdftex
* paper: a4paper
* layout: <same size as paper>
* layoutoffset:(h,v)=(0.0pt,0.0pt)
* modes: includehead twoside 
* h-part:(L,W,R)=(85.35826pt, 455.24411pt, 56.9055pt)
* v-part:(T,H,B)=(71.13188pt, 702.78308pt, 71.13188pt)
* \paperwidth=597.50787pt
* \paperheight=845.04684pt
* \textwidth=455.24411pt
* \textheight=665.83746pt
* \oddsidemargin=13.08827pt
* \evensidemargin=-15.36449pt
* \topmargin=-1.1381pt
* \headheight=17.07182pt
* \headsep=19.8738pt
* \topskip=12.0pt
* \footskip=30.0pt
* \marginparwidth=98.0pt
* \marginparsep=7.0pt
* \columnsep=15.0pt
* \skip\footins=10.8pt plus 4.0pt minus 2.0pt
* \hoffset=0.0pt
* \voffset=0.0pt
* \mag=1000
* \@twocolumnfalse
* \@twosidetrue
* \@mparswitchtrue
* \@reversemarginfalse
* (1in=72.27pt=25.4mm, 1cm=28.453pt)

Package caption Info: Begin \AtBeginDocument code.
Package caption Info: float package is loaded.
Package caption Info: hyperref package is loaded.
Package caption Info: listings package is loaded.
Package caption Info: longtable package is loaded.
(/home/edoardo/.miktex/texmfs/install/tex/latex/caption/ltcaption.sty
Package: ltcaption 2021/01/08 v1.4c longtable captions (AR)
)
Package caption Info: supertabular package is loaded.
Package caption Info: wrapfig package is loaded.
Package caption Info: End \AtBeginDocument code.
 (/home/edoardo/.miktex/texmfs/install/tex/context/base/mkii/supp-pdf.mkii
[Loading MPS to PDF converter (version 2006.09.02).]
\scratchcounter=\count418
\scratchdimen=\dimen342
\scratchbox=\box129
\nofMPsegments=\count419
\nofMParguments=\count420
\everyMPshowfont=\toks67
\MPscratchCnt=\count421
\MPscratchDim=\dimen343
\MPnumerator=\count422
\makeMPintoPDFobject=\count423
\everyMPtoPDFconversion=\toks68
) (/home/edoardo/.miktex/texmfs/install/tex/latex/epstopdf-pkg/epstopdf-base.sty
Package: epstopdf-base 2020-01-24 v2.11 Base part for package epstopdf
Package epstopdf-base Info: Redefining graphics rule for `.eps' on input line 485.
 (/home/edoardo/.miktex/texmfs/install/tex/latex/00miktex/epstopdf-sys.cfg
File: epstopdf-sys.cfg 2021/03/18 v2.0 Configuration of epstopdf for MiKTeX
))
LaTeX Info: Redefining \[ on input line 133.
LaTeX Info: Redefining \] on input line 133.
Package hyperref Info: Link coloring ON on input line 133.
 (/home/edoardo/materiale_tesi/Tesi/tesi/build/Thesis.out) (/home/edoardo/materiale_tesi/Tesi/tesi/build/Thesis.out)
\@outlinefile=\write8
\openout8 = `Thesis.out'.

 (/home/edoardo/.miktex/texmfs/install/tex/latex/pdflscape/pdflscape.sty
Package: pdflscape 2022-10-27 v0.13 Display of landscape pages in PDF
 (/home/edoardo/.miktex/texmfs/install/tex/latex/pdflscape/pdflscape-nometadata.sty
Package: pdflscape-nometadata 2022-10-28 v0.13 Display of landscape pages in PDF (HO)
 (/home/edoardo/.miktex/texmfs/install/tex/latex/graphics/lscape.sty
Package: lscape 2020/05/28 v3.02 Landscape Pages (DPC)
)
Package pdflscape Info: Auto-detected driver: pdftex on input line 81.
))
\c@lstlisting=\count424
Package babel Info: Main language set to 'english'.
Package epstopdf Info: Source file: <Images/02_ING_IND_INFORMAZIONE_COL_POSITIVO.eps>
(epstopdf)                    date: 2026-09-10 16:57:41
(epstopdf)                    size: 1016894 bytes
(epstopdf)             Output file: <Images/02_ING_IND_INFORMAZIONE_COL_POSITIVO-eps-converted-to.pdf>
(epstopdf)                    date: 2026-09-10 17:12:13
(epstopdf)                    size: 81882 bytes
(epstopdf)             Command: <miktex-epstopdf --outfile=Images/02_ING_IND_INFORMAZIONE_COL_POSITIVO-eps-converted-to.pdf Images/02_ING_IND_INFORMAZIONE_COL_POSITIVO.eps>
(epstopdf)             \includegraphics on input line 156.
Package epstopdf Info: Output file is already uptodate.
<Images/02_ING_IND_INFORMAZIONE_COL_POSITIVO-eps-converted-to.pdf, id=102, 493.845pt x 227.85126pt>
File: Images/02_ING_IND_INFORMAZIONE_COL_POSITIVO-eps-converted-to.pdf Graphic file (type pdf)
<use Images/02_ING_IND_INFORMAZIONE_COL_POSITIVO-eps-converted-to.pdf>
Package pdftex.def Info: Images/02_ING_IND_INFORMAZIONE_COL_POSITIVO-eps-converted-to.pdf  used on input line 156.
(pdftex.def)             Requested size: 302.73503pt x 150.052pt.
LaTeX Font Info:    Trying to load font information for U+msa on input line 156.
 (/home/edoardo/.miktex/texmfs/install/tex/latex/amsfonts/umsa.fd
File: umsa.fd 2013/01/14 v3.01 AMS symbols A
)
LaTeX Font Info:    Trying to load font information for U+msb on input line 156.
 (/home/edoardo/.miktex/texmfs/install/tex/latex/amsfonts/umsb.fd
File: umsb.fd 2013/01/14 v3.01 AMS symbols B
)
Package epstopdf Info: Source file: <./Images/./raggiera_polimi.eps>
(epstopdf)                    date: 2026-09-10 16:57:28
(epstopdf)                    size: 1813066 bytes
(epstopdf)             Output file: <./Images/./raggiera_polimi-eps-converted-to.pdf>
(epstopdf)                    date: 2026-09-10 17:12:15
(epstopdf)                    size: 40434 bytes
(epstopdf)             Command: <miktex-epstopdf --outfile=./Images/./raggiera_polimi-eps-converted-to.pdf ./Images/./raggiera_polimi.eps>
(epstopdf)             \includegraphics on input line 156.
Package epstopdf Info: Output file is already uptodate.
<./Images/./raggiera_polimi-eps-converted-to.pdf, id=104, 502.87875pt x 502.87875pt>
File: ./Images/./raggiera_polimi-eps-converted-to.pdf Graphic file (type pdf)
<use ./Images/./raggiera_polimi-eps-converted-to.pdf>
Package pdftex.def Info: ./Images/./raggiera_polimi-eps-converted-to.pdf  used on input line 156.
(pdftex.def)             Requested size: 418.25368pt x 418.24866pt.
 [1

\openout5 = `Thesis.ist'.



{/home/edoardo/.miktex/texmfs/data/fonts/map/pdftex/pdftex.map} <./Images/./raggiera_polimi-eps-converted-to.pdf> <./Images/02_ING_IND_INFORMAZIONE_COL_POSITIVO-eps-converted-to.pdf>] [2]
Underfull \hbox (badness 10000) in paragraph at lines 176--180

 []


pdfTeX warning (ext4): destination with the same identifier (name{page.i}) has been already used, duplicate ignored
<to be read again> 
                   \relax 
l.182 \chapter*{Abstract in lingua italiana}
                                             [1



]
pdfTeX warning (ext4): destination with the same identifier (name{page.ii}) has been already used, duplicate ignored
<to be read again> 
                   \relax 
l.182 \chapter*{Abstract in lingua italiana}
                                            
Package epstopdf Info: Source file: <./Images/./raggiera_polimi.eps>
(epstopdf)                    date: 2026-09-10 16:57:28
(epstopdf)                    size: 1813066 bytes
(epstopdf)             Output file: <./Images/./raggiera_polimi-eps-converted-to.pdf>
(epstopdf)                    date: 2026-09-10 17:12:15
(epstopdf)                    size: 40434 bytes
(epstopdf)             Command: <miktex-epstopdf --outfile=./Images/./raggiera_polimi-eps-converted-to.pdf ./Images/./raggiera_polimi.eps>
(epstopdf)             \includegraphics on input line 182.
Package epstopdf Info: Output file is already uptodate.
File: ./Images/./raggiera_polimi-eps-converted-to.pdf Graphic file (type pdf)
<use ./Images/./raggiera_polimi-eps-converted-to.pdf>
Package pdftex.def Info: ./Images/./raggiera_polimi-eps-converted-to.pdf  used on input line 182.
(pdftex.def)             Requested size: 507.88533pt x 507.88051pt.
 [2

]
Underfull \hbox (badness 10000) in paragraph at lines 183--187

 []

[3

]
Package epstopdf Info: Source file: <./Images/./raggiera_polimi.eps>
(epstopdf)                    date: 2026-09-10 16:57:28
(epstopdf)                    size: 1813066 bytes
(epstopdf)             Output file: <./Images/./raggiera_polimi-eps-converted-to.pdf>
(epstopdf)                    date: 2026-09-10 17:12:15
(epstopdf)                    size: 40434 bytes
(epstopdf)             Command: <miktex-epstopdf --outfile=./Images/./raggiera_polimi-eps-converted-to.pdf ./Images/./raggiera_polimi.eps>
(epstopdf)             \includegraphics on input line 194.
Package epstopdf Info: Output file is already uptodate.
File: ./Images/./raggiera_polimi-eps-converted-to.pdf Graphic file (type pdf)
<use ./Images/./raggiera_polimi-eps-converted-to.pdf>
Package pdftex.def Info: ./Images/./raggiera_polimi-eps-converted-to.pdf  used on input line 194.
(pdftex.def)             Requested size: 507.88533pt x 507.88051pt.
 [4

] (/home/edoardo/materiale_tesi/Tesi/tesi/build/Thesis.toc [5

])
\tf@toc=\write9
\openout9 = `Thesis.toc'.

 [6]
Chapter 1.
(Chapter1/Background.tex (Chapter1/FuzzingBackground.tex [1




] [2]
<./Images/CoverageGuidedGrayBoxFuzzing.png, id=232, 1095.09125pt x 613.29124pt>
File: ./Images/CoverageGuidedGrayBoxFuzzing.png Graphic file (type png)
<use ./Images/CoverageGuidedGrayBoxFuzzing.png>
Package pdftex.def Info: ./Images/CoverageGuidedGrayBoxFuzzing.png  used on input line 54.
(pdftex.def)             Requested size: 455.24411pt x 254.95094pt.
 [3 <./Images/CoverageGuidedGrayBoxFuzzing.png>]) (Chapter1/BinaryRewritingBackground.tex [4]
<./Images/BinaryRewritingScheme.png, id=270, 455.7025pt x 805.0075pt>
File: ./Images/BinaryRewritingScheme.png Graphic file (type png)
<use ./Images/BinaryRewritingScheme.png>
Package pdftex.def Info: ./Images/BinaryRewritingScheme.png  used on input line 32.
(pdftex.def)             Requested size: 200.0pt x 353.30771pt.
 [5 <./Images/BinaryRewritingScheme.png>]
<./Images/trampolineInstrumentation.png, id=289, 856.19875pt x 365.365pt>
File: ./Images/trampolineInstrumentation.png Graphic file (type png)
<use ./Images/trampolineInstrumentation.png>
Package pdftex.def Info: ./Images/trampolineInstrumentation.png  used on input line 61.
(pdftex.def)             Requested size: 400.0pt x 170.69019pt.
)
Underfull \hbox (badness 10000) in paragraph at lines 64--15

 []

[6 <./Images/trampolineInstrumentation.png>] (Chapter1/LoadingAndRelocations.tex [7] [8]
<./Images/LazyBindingExample.png, id=336, 723.70375pt x 385.44pt>
File: ./Images/LazyBindingExample.png Graphic file (type png)
<use ./Images/LazyBindingExample.png>
Package pdftex.def Info: ./Images/LazyBindingExample.png  used on input line 74.
(pdftex.def)             Requested size: 318.66948pt x 169.72351pt.
<./Images/LazyBindingExampleAfterResolution.png, id=337, 703.62875pt x 385.44pt>
File: ./Images/LazyBindingExampleAfterResolution.png Graphic file (type png)
<use ./Images/LazyBindingExampleAfterResolution.png>
Package pdftex.def Info: ./Images/LazyBindingExampleAfterResolution.png  used on input line 81.
(pdftex.def)             Requested size: 318.66948pt x 174.56384pt.
 [9]
<./Images/dynamicallyLinkedProgramLoad.png, id=354, 576.1525pt x 602.25pt>
File: ./Images/dynamicallyLinkedProgramLoad.png Graphic file (type png)
<use ./Images/dynamicallyLinkedProgramLoad.png>
Package pdftex.def Info: ./Images/dynamicallyLinkedProgramLoad.png  used on input line 111.
(pdftex.def)             Requested size: 300.0pt x 313.59451pt.
 [10 <./Images/LazyBindingExample.png> <./Images/LazyBindingExampleAfterResolution.png>] [11 <./Images/dynamicallyLinkedProgramLoad.png>]
<./Images/dynsym_example.png, id=375, 720.6925pt x 254.9525pt>
File: ./Images/dynsym_example.png Graphic file (type png)
<use ./Images/dynsym_example.png>
Package pdftex.def Info: ./Images/dynsym_example.png  used on input line 142.
(pdftex.def)             Requested size: 455.24411pt x 161.04495pt.
<./Images/reladynexample.png, id=376, 874.26625pt x 271.0125pt>
File: ./Images/reladynexample.png Graphic file (type png)
<use ./Images/reladynexample.png>
Package pdftex.def Info: ./Images/reladynexample.png  used on input line 148.
(pdftex.def)             Requested size: 455.24411pt x 141.12166pt.
Package hyperref Info: bookmark level for unknown algorithm defaults to 0 on input line 164.
) [12 <./Images/dynsym_example.png> <./Images/reladynexample.png>] (Chapter1/ProblemStatement.tex) [13] [14] (Chapter1/StateOfTheArt.tex [15]
<./Images/AFLUpdateAlg3InstructionWhy.png, id=520, 171.64125pt x 430.60875pt>
File: ./Images/AFLUpdateAlg3InstructionWhy.png Graphic file (type png)
<use ./Images/AFLUpdateAlg3InstructionWhy.png>
Package pdftex.def Info: ./Images/AFLUpdateAlg3InstructionWhy.png  used on input line 102.
(pdftex.def)             Requested size: 100.0pt x 250.8768pt.
 [16] [17
pdfTeX warning (ext4): destination with the same identifier (name{figure.caption.15}) has been already used, duplicate ignored
<argument> ...shipout:D \box_use:N \l_shipout_box 
                                                  \__shipout_drop_firstpage_...
l.120             \item
                        \textbf{forkserver} <./Images/AFLUpdateAlg3InstructionWhy.png>]
<./Images/AFLPlusPlusForkserverFunctioning.png, id=552, 588.1975pt x 511.9125pt>
File: ./Images/AFLPlusPlusForkserverFunctioning.png Graphic file (type png)
<use ./Images/AFLPlusPlusForkserverFunctioning.png>
Package pdftex.def Info: ./Images/AFLPlusPlusForkserverFunctioning.png  used on input line 133.
(pdftex.def)             Requested size: 350.0pt x 304.61125pt.
 [18 <./Images/AFLPlusPlusForkserverFunctioning.png>]) (Chapter1/GoalsAndChallenges.tex)) [19] [20]
Chapter 2.
(Chapter2/Approach.tex (Chapter2/Forkserver_insertion.tex [21


] [22]
<./Images/init_array_loading_example_a.png, id=613, 803.0pt x 204.765pt>
File: ./Images/init_array_loading_example_a.png Graphic file (type png)
<use ./Images/init_array_loading_example_a.png>
Package pdftex.def Info: ./Images/init_array_loading_example_a.png  used on input line 73.
(pdftex.def)             Requested size: 364.19667pt x 92.87138pt.
<./Images/init_array_loading_example_b.png, id=614, 665.48625pt x 405.515pt>
File: ./Images/init_array_loading_example_b.png Graphic file (type png)
<use ./Images/init_array_loading_example_b.png>
Package pdftex.def Info: ./Images/init_array_loading_example_b.png  used on input line 80.
(pdftex.def)             Requested size: 364.19667pt x 221.92633pt.
) [23 <./Images/init_array_loading_example_a.png> <./Images/init_array_loading_example_b.png>] (Chapter2/SharedMemory_export.tex [24]
<./Images/SHMDiscoveryA.png, id=655, 686.565pt x 104.39pt>
File: ./Images/SHMDiscoveryA.png Graphic file (type png)
<use ./Images/SHMDiscoveryA.png>
Package pdftex.def Info: ./Images/SHMDiscoveryA.png  used on input line 42.
(pdftex.def)             Requested size: 364.19667pt x 55.3742pt.
<./Images/SHMDiscoveryB.png, id=656, 686.565pt x 127.47626pt>
File: ./Images/SHMDiscoveryB.png Graphic file (type png)
<use ./Images/SHMDiscoveryB.png>
Package pdftex.def Info: ./Images/SHMDiscoveryB.png  used on input line 49.
(pdftex.def)             Requested size: 364.19667pt x 67.62044pt.
<./Images/SHMDiscoveryC.png, id=657, 725.71124pt x 217.81375pt>
File: ./Images/SHMDiscoveryC.png Graphic file (type png)
<use ./Images/SHMDiscoveryC.png>
Package pdftex.def Info: ./Images/SHMDiscoveryC.png  used on input line 56.
(pdftex.def)             Requested size: 364.19667pt x 109.31207pt.
) [25 <./Images/SHMDiscoveryA.png> <./Images/SHMDiscoveryB.png> <./Images/SHMDiscoveryC.png>] (Chapter2/Instr_points_search.tex)) (/home/edoardo/materiale_tesi/Tesi/tesi/build/Thesis.bbl [26] [27


]
Underfull \hbox (badness 10000) in paragraph at lines 98--103
[]\T1/cmr/m/n/12 M. Heuse.  AFL-DynamoRIO.  [][]$\T1/cmtt/m/n/12 https : / / github . com / vanhauser-[]thc /
 []

[28]) [29] (/home/edoardo/materiale_tesi/Tesi/tesi/build/Thesis.acr
Package epstopdf Info: Source file: <./Images/./raggiera_polimi.eps>
(epstopdf)                    date: 2026-09-10 16:57:28
(epstopdf)                    size: 1813066 bytes
(epstopdf)             Output file: <./Images/./raggiera_polimi-eps-converted-to.pdf>
(epstopdf)                    date: 2026-09-10 17:12:15
(epstopdf)                    size: 40434 bytes
(epstopdf)             Command: <miktex-epstopdf --outfile=./Images/./raggiera_polimi-eps-converted-to.pdf ./Images/./raggiera_polimi.eps>
(epstopdf)             \includegraphics on input line 1.
Package epstopdf Info: Output file is already uptodate.
File: ./Images/./raggiera_polimi-eps-converted-to.pdf Graphic file (type pdf)
<use ./Images/./raggiera_polimi-eps-converted-to.pdf>
Package pdftex.def Info: ./Images/./raggiera_polimi-eps-converted-to.pdf  used on input line 1.
(pdftex.def)             Requested size: 507.88533pt x 507.88051pt.
 [30


]) [31


]
Package epstopdf Info: Source file: <./Images/./raggiera_polimi.eps>
(epstopdf)                    date: 2026-09-10 16:57:28
(epstopdf)                    size: 1813066 bytes
(epstopdf)             Output file: <./Images/./raggiera_polimi-eps-converted-to.pdf>
(epstopdf)                    date: 2026-09-10 17:12:15
(epstopdf)                    size: 40434 bytes
(epstopdf)             Command: <miktex-epstopdf --outfile=./Images/./raggiera_polimi-eps-converted-to.pdf ./Images/./raggiera_polimi.eps>
(epstopdf)             \includegraphics on input line 249.
Package epstopdf Info: Output file is already uptodate.
File: ./Images/./raggiera_polimi-eps-converted-to.pdf Graphic file (type pdf)
<use ./Images/./raggiera_polimi-eps-converted-to.pdf>
Package pdftex.def Info: ./Images/./raggiera_polimi-eps-converted-to.pdf  used on input line 249.
(pdftex.def)             Requested size: 507.88533pt x 507.88051pt.
 [32

] (/home/edoardo/materiale_tesi/Tesi/tesi/build/Thesis.lof)
\tf@lof=\write10
\openout10 = `Thesis.lof'.

 [33

]
Package epstopdf Info: Source file: <./Images/./raggiera_polimi.eps>
(epstopdf)                    date: 2026-09-10 16:57:28
(epstopdf)                    size: 1813066 bytes
(epstopdf)             Output file: <./Images/./raggiera_polimi-eps-converted-to.pdf>
(epstopdf)                    date: 2026-09-10 17:12:15
(epstopdf)                    size: 40434 bytes
(epstopdf)             Command: <miktex-epstopdf --outfile=./Images/./raggiera_polimi-eps-converted-to.pdf ./Images/./raggiera_polimi.eps>
(epstopdf)             \includegraphics on input line 252.
Package epstopdf Info: Output file is already uptodate.
File: ./Images/./raggiera_polimi-eps-converted-to.pdf Graphic file (type pdf)
<use ./Images/./raggiera_polimi-eps-converted-to.pdf>
Package pdftex.def Info: ./Images/./raggiera_polimi-eps-converted-to.pdf  used on input line 252.
(pdftex.def)             Requested size: 507.88533pt x 507.88051pt.
 [34

] (/home/edoardo/materiale_tesi/Tesi/tesi/build/Thesis.lot)
\tf@lot=\write11
\openout11 = `Thesis.lot'.

 [35

]
Package epstopdf Info: Source file: <./Images/./raggiera_polimi.eps>
(epstopdf)                    date: 2026-09-10 16:57:28
(epstopdf)                    size: 1813066 bytes
(epstopdf)             Output file: <./Images/./raggiera_polimi-eps-converted-to.pdf>
(epstopdf)                    date: 2026-09-10 17:12:15
(epstopdf)                    size: 40434 bytes
(epstopdf)             Command: <miktex-epstopdf --outfile=./Images/./raggiera_polimi-eps-converted-to.pdf ./Images/./raggiera_polimi.eps>
(epstopdf)             \includegraphics on input line 254.
Package epstopdf Info: Output file is already uptodate.
File: ./Images/./raggiera_polimi-eps-converted-to.pdf Graphic file (type pdf)
<use ./Images/./raggiera_polimi-eps-converted-to.pdf>
Package pdftex.def Info: ./Images/./raggiera_polimi-eps-converted-to.pdf  used on input line 254.
(pdftex.def)             Requested size: 507.88533pt x 507.88051pt.
 [36

] (/home/edoardo/materiale_tesi/Tesi/tesi/build/Thesis.loa)
\tf@loa=\write12
\openout12 = `Thesis.loa'.

 [37

]
Package epstopdf Info: Source file: <./Images/./raggiera_polimi.eps>
(epstopdf)                    date: 2026-09-10 16:57:28
(epstopdf)                    size: 1813066 bytes
(epstopdf)             Output file: <./Images/./raggiera_polimi-eps-converted-to.pdf>
(epstopdf)                    date: 2026-09-10 17:12:15
(epstopdf)                    size: 40434 bytes
(epstopdf)             Command: <miktex-epstopdf --outfile=./Images/./raggiera_polimi-eps-converted-to.pdf ./Images/./raggiera_polimi.eps>
(epstopdf)             \includegraphics on input line 268.
Package epstopdf Info: Output file is already uptodate.
File: ./Images/./raggiera_polimi-eps-converted-to.pdf Graphic file (type pdf)
<use ./Images/./raggiera_polimi-eps-converted-to.pdf>
Package pdftex.def Info: ./Images/./raggiera_polimi-eps-converted-to.pdf  used on input line 268.
(pdftex.def)             Requested size: 507.88533pt x 507.88051pt.
 [38

] (/home/edoardo/materiale_tesi/Tesi/tesi/build/Thesis.aux)
 ***********
LaTeX2e <2026-06-01>
L3 programming layer <2026-08-10>
 ***********
Package rerunfilecheck Info: File `Thesis.out' has not changed.
(rerunfilecheck)             Checksum: A9BAFFB81B64F2CFDCC533950B7458FA;3515.
 ) 
Here is how much of TeX's memory you used:
 33592 strings out of 469353
 642720 string characters out of 5458999
 1379749 words of memory out of 5000000
 61844 multiletter control sequences out of 15000+600000
 663211 words of font info for 125 fonts, out of 8000000 for 9000
 14 hyphenation exceptions out of 8191
 94i,12n,95p,2534b,1255s stack positions out of 10000i,1000n,20000p,200000b,200000s
 </home/edoardo/.miktex/texmfs/data/fonts/pk/ljfour/jknappen/ec/dpi600/ecti1000.pk> </home/edoardo/.miktex/texmfs/data/fonts/pk/ljfour/jknappen/ec/dpi657/eccc1000.pk> </home/edoardo/.miktex/texmfs/data/fonts/pk/ljfour/jknappen/ec/dpi657/ectt1000.pk> </home/edoardo/.miktex/texmfs/data/fonts/pk/ljfour/jknappen/ec/dpi657/ecti1000.pk> </home/edoardo/.miktex/texmfs/data/fonts/pk/ljfour/jknappen/ec/dpi600/eccc1200.pk> </home/edoardo/.miktex/texmfs/data/fonts/pk/ljfour/jknappen/ec/dpi600/ecbx1000.pk> </home/edoardo/.miktex/texmfs/data/fonts/pk/ljfour/jknappen/ec/dpi600/ecrm1000.pk> </home/edoardo/.miktex/texmfs/data/fonts/pk/ljfour/jknappen/ec/dpi600/ecrm0700.pk> </home/edoardo/.miktex/texmfs/data/fonts/pk/ljfour/jknappen/ec/dpi600/ectt1200.pk> </home/edoardo/.miktex/texmfs/data/fonts/pk/ljfour/jknappen/ec/dpi600/ecrm0800.pk> </home/edoardo/.miktex/texmfs/data/fonts/pk/ljfour/jknappen/ec/dpi600/ecbi1200.pk> </home/edoardo/.miktex/texmfs/data/fonts/pk/ljfour/jknappen/ec/dpi657/tcrm1000.pk> </home/edoardo/.miktex/texmfs/data/fonts/pk/ljfour/jknappen/ec/dpi657/ecrm1000.pk> </home/edoardo/.miktex/texmfs/data/fonts/pk/ljfour/jknappen/ec/dpi657/ecbx1000.pk> </home/edoardo/.miktex/texmfs/data/fonts/pk/ljfour/jknappen/ec/dpi600/tcrm1200.pk> </home/edoardo/.miktex/texmfs/data/fonts/pk/ljfour/jknappen/ec/dpi864/ecbx1200.pk> </home/edoardo/.miktex/texmfs/data/fonts/pk/ljfour/jknappen/ec/dpi2500/ecbx1200.pk> </home/edoardo/.miktex/texmfs/data/fonts/pk/ljfour/jknappen/ec/dpi600/ecti1200.pk> </home/edoardo/.miktex/texmfs/data/fonts/pk/ljfour/jknappen/ec/dpi600/ecbx1200.pk> </home/edoardo/.miktex/texmfs/data/fonts/pk/ljfour/jknappen/ec/dpi720/ecbx1200.pk> </home/edoardo/.miktex/texmfs/data/fonts/pk/ljfour/jknappen/ec/dpi600/ecrm1200.pk> </home/edoardo/.miktex/texmfs/data/fonts/pk/ljfour/jknappen/ec/dpi1244/ecbx1200.pk> </home/edoardo/.miktex/texmfs/data/fonts/pk/ljfour/jknappen/ec/dpi720/ecxc1200.pk></home/edoardo/.miktex/texmfs/install/fonts/type1/public/amsfonts/cm/cmmi10.pfb></home/edoardo/.miktex/texmfs/install/fonts/type1/public/amsfonts/cm/cmmi12.pfb></home/edoardo/.miktex/texmfs/install/fonts/type1/public/amsfonts/cm/cmmi8.pfb></home/edoardo/.miktex/texmfs/install/fonts/type1/public/amsfonts/cm/cmr10.pfb></home/edoardo/.miktex/texmfs/install/fonts/type1/public/amsfonts/cm/cmr12.pfb></home/edoardo/.miktex/texmfs/install/fonts/type1/public/amsfonts/cm/cmr8.pfb></home/edoardo/.miktex/texmfs/install/fonts/type1/public/amsfonts/cm/cmsy10.pfb>
Output written on /home/edoardo/materiale_tesi/Tesi/tesi/build/Thesis.pdf (46 pages, 1051083 bytes).
PDF statistics:
 1668 PDF objects out of 1728 (max. 8388607)
 201 named destinations out of 1000 (max. 500000)
 296 words of extra memory for PDF output out of 10000 (max. 10000000)

